Hello your language is en_US.UTF-8
Hello your language is ${LANG}
