tuodts ot siht gnitirw
rredts ot siht gnitirw
tuodts ot siht gnitirw
writing this to stderr
writing this to stdout
